MemTotal:       16147300 kB
MemFree:         8329340 kB
MemAvailable:    9918544 kB
Buffers:          374280 kB
Cached:          2499564 kB
SwapCached:            0 kB
Active:          1312284 kB
Inactive:        4759368 kB
Active(anon):     140784 kB
Inactive(anon):  4214700 kB
Active(file):    1171500 kB
Inactive(file):   544668 kB
Unevictable:     1082236 kB
Mlocked:              32 kB
SwapTotal:             0 kB
SwapFree:              0 kB
Zswap:                 0 kB
Zswapped:              0 kB
Dirty:             12764 kB
Writeback:            32 kB
AnonPages:       4274440 kB
Mapped:           562360 kB
Shmem:           1236720 kB
KReclaimable:     254508 kB
Slab:             453268 kB
SReclaimable:     254508 kB
SUnreclaim:       198760 kB
KernelStack:       22720 kB
PageTables:        58636 kB
SecPageTables:         0 kB
NFS_Unstable:          0 kB
Bounce:                0 kB
WritebackTmp:          0 kB
CommitLimit:     8073648 kB
Committed_AS:   19079488 kB
VmallocTotal:   34359738367 kB
VmallocUsed:       58200 kB
VmallocChunk:          0 kB
Percpu:             7040 kB
HardwareCorrupted:     0 kB
AnonHugePages:      4096 kB
ShmemHugePages:   976896 kB
ShmemPmdMapped:        0 kB
FileHugePages:         0 kB
FilePmdMapped:         0 kB
HugePages_Total:       0
HugePages_Free:        0
HugePages_Rsvd:        0
HugePages_Surp:        0
Hugepagesize:       2048 kB
Hugetlb:               0 kB
DirectMap4k:      227008 kB
DirectMap2M:     4794368 kB
DirectMap1G:    11534336 kB
